unit,sex,age,region,year,value
YR,F,Y1,PT,2020,82.9
YR,F,Y1,PT,2019,
YR,F,Y1,PT,2018,
YR,F,Y1,PT,2017,